Microchip Technology Inc, v3.21 (B)

Tool Name:
  c:\program files\microchip\xc-dsc\v3.21\bin\bin\..\bin/elf-ld.exe

Command:
  -p33FJ128GP310 \
  --mdfp=C:/Program Files/Microchip/MPLABX/v6.25/packs/Microchip/dsPIC33F-GP-MC_DFP/1.4.235/xc16 \
  -o \
  dist/default/production/GPS.production.elf \
  -Lc:/program files/microchip/xc-dsc/v3.21/bin/bin/.. \
  -LC:/Program Files/Microchip/MPLABX/v6.25/packs/Microchip/dsPIC33F-GP-MC_DFP/1.4.235/xc16/bin/../support/PIC24H/gld \
  -LC:/Program Files/Microchip/MPLABX/v6.25/packs/Microchip/dsPIC33F-GP-MC_DFP/1.4.235/xc16/bin/../support/dsPIC33F/gld \
  -Lc:/program files/microchip/xc-dsc/v3.21/bin/bin/../../lib \
  -Lc:/program files/microchip/xc-dsc/v3.21/bin/bin/../../support/dsPIC30F/gld \
  -Lc:/program files/microchip/xc-dsc/v3.21/bin/bin/../../support/dsPIC33C/gld \
  -Lc:/program files/microchip/xc-dsc/v3.21/bin/bin/../../support/dsPIC33E/gld \
  -Lc:/program files/microchip/xc-dsc/v3.21/bin/bin/../../support/dsPIC33A/gld \
  -Lc:/program files/microchip/xc-dsc/v3.21/bin/bin/../../support/dsPIC33F/gld \
  build/default/production/main.o \
  build/default/production/system.o \
  build/default/production/configuration_bits.o \
  build/default/production/system_methods.o \
  build/default/production/perephereal_methods.o \
  build/default/production/software_uart.o \
  build/default/production/timer.o \
  build/default/production/timer_methods.o \
  --defsym=__MPLAB_BUILD=1 \
  -Tp33FJ128GP310.gld.00 \
  --heap=1024 \
  --stack=16 \
  --check-sections \
  --data-init \
  --pack-data \
  --handles \
  --isr \
  --no-gc-sections \
  --fill-upper=0 \
  --stackguard=16 \
  --no-force-link \
  --smart-io \
  -Map=dist/default/production/GPS.production.map \
  --report-mem \
  --memorysummary \
  dist/default/production/memoryfile.xml \
  -start-group \
  --library=c99-pic30-elf \
  --library=m-elf \
  --library=c99-elf \
  -end-group \


Optional library libp33FJ128GP310.a not found
Archive member included to satisfy reference by file (symbol)

c:/program files/microchip/xc-dsc/v3.21/bin/bin/../../lib\libc99-pic30-elf.a(crt_start_mode_normal.XXMeo)
                              (__crt_start_mode_normal)
c:/program files/microchip/xc-dsc/v3.21/bin/bin/../../lib\libc99-pic30-elf.a(delay32.XXMeo)
                              build/default/production/main.o (___delay32)
c:/program files/microchip/xc-dsc/v3.21/bin/bin/../../lib\libc99-pic30-elf.a(crt0_standard.o)
                              (__resetPRI)
c:/program files/microchip/xc-dsc/v3.21/bin/bin/../../lib\libc99-pic30-elf.a(data_init_standard.o)
                              c:/program files/microchip/xc-dsc/v3.21/bin/bin/../../lib\libc99-pic30-elf.a(crt0_standard.o) (__data_init_standard)
c:/program files/microchip/xc-dsc/v3.21/bin/bin/../../lib\libc99-pic30-elf.a(feqltle.XX_o)
                              build/default/production/system.o (___ltsf2)
c:/program files/microchip/xc-dsc/v3.21/bin/bin/../../lib\libc99-pic30-elf.a(fgtge.XX_o)
                              build/default/production/system.o (___gtsf2)
c:/program files/microchip/xc-dsc/v3.21/bin/bin/../../lib\libc99-pic30-elf.a(floatundisf.XX_o)
                              build/default/production/system.o (___floatundisf)
c:/program files/microchip/xc-dsc/v3.21/bin/bin/../../lib\libc99-pic30-elf.a(floatunsisf.XX_o)
                              build/default/production/system.o (___floatunsisf)
c:/program files/microchip/xc-dsc/v3.21/bin/bin/../../lib\libc99-pic30-elf.a(fpack.XX_o)
                              c:/program files/microchip/xc-dsc/v3.21/bin/bin/../../lib\libc99-pic30-elf.a(floatundisf.XX_o) (__fpack)
c:/program files/microchip/xc-dsc/v3.21/bin/bin/../../lib\libc99-pic30-elf.a(addsf3x.XX_o)
                              build/default/production/system.o (___subsf3)
c:/program files/microchip/xc-dsc/v3.21/bin/bin/../../lib\libc99-pic30-elf.a(divsf3x.XX_o)
                              build/default/production/system.o (___divsf3)
c:/program files/microchip/xc-dsc/v3.21/bin/bin/../../lib\libc99-pic30-elf.a(mulsf3x.XX_o)
                              build/default/production/system.o (___mulsf3)
c:/program files/microchip/xc-dsc/v3.21/bin/bin/../../lib\libc99-pic30-elf.a(dnrmpackfx.XX_o)
                              c:/program files/microchip/xc-dsc/v3.21/bin/bin/../../lib\libc99-pic30-elf.a(addsf3x.XX_o) (__dnrmpackf)
c:/program files/microchip/xc-dsc/v3.21/bin/bin/../../lib\libc99-pic30-elf.a(unpackdnrmfx.XX_o)
                              c:/program files/microchip/xc-dsc/v3.21/bin/bin/../../lib\libc99-pic30-elf.a(mulsf3x.XX_o) (__unpackdnrmf)
c:/program files/microchip/xc-dsc/v3.21/bin/bin/../../lib\libc99-pic30-elf.a(typefx.XX_o)
                              c:/program files/microchip/xc-dsc/v3.21/bin/bin/../../lib\libc99-pic30-elf.a(addsf3x.XX_o) (__typef)
c:/program files/microchip/xc-dsc/v3.21/bin/bin/../../lib\libc99-pic30-elf.a(propnanfx.XX_o)
[...]
Memory Configuration

Name             Origin             Length             Attributes
data             0x000800           0x004000           a !xr
reset            0x000000           0x000004  
ivt              0x000004           0x0000fc  
_reserved        0x000100           0x000004  
aivt             0x000104           0x0000fc  
program          0x000200           0x015600           xr
FBS              0xf80000           0x000002  
FSS              0xf80002           0x000002  
FGS              0xf80004           0x000002  
FOSCSEL          0xf80006           0x000002  
FOSC             0xf80008           0x000002  
FWDT             0xf8000a           0x000002  
FPOR             0xf8000c           0x000002  
FICD             0xf8000e           0x000002  
FUID0            0xf80010           0x000002  
FUID1            0xf80012           0x000002  
FUID2            0xf80014           0x000002  
FUID3            0xf80016           0x000002  
*default*        0x000000           0xffffffff  

Linker script and memory map

LOAD build/default/production/main.o
LOAD build/default/production/system.o
LOAD build/default/production/configuration_bits.o
LOAD build/default/production/system_methods.o
LOAD build/default/production/perephereal_methods.o
LOAD build/default/production/software_uart.o
LOAD build/default/production/timer.o
LOAD build/default/production/timer_methods.o
                    0x0001                  __MPLAB_BUILD = 0x1
LOAD p33FJ128GP310
LOAD c:/program files/microchip/xc-dsc/v3.21/bin/bin/../../lib\libfx-elf.a
                    0xf80000                  __FBS = 0xf80000
                    0xf80002                  __FSS = 0xf80002
                    0xf80004                  __FGS = 0xf80004
                    0xf80006                  __FOSCSEL = 0xf80006
                    0xf80008                  __FOSC = 0xf80008
                    0xf8000a                  __FWDT = 0xf8000a
                    0xf8000c                  __FPOR = 0xf8000c
                    0xf8000e                  __FICD = 0xf8000e
                    0xf80010                  __FUID0 = 0xf80010
                    0xf80012                  __FUID1 = 0xf80012
                    0xf80014                  __FUID2 = 0xf80014
                    0xf80016                  __FUID3 = 0xf80016
                    0x0200                  __CODE_BASE = 0x200
                    0x15600                  __CODE_LENGTH = 0x15600
                    0x0004                  __IVT_BASE = 0x4
                    0x0104                  __AIVT_BASE = 0x104
                    0x0800                  __DATA_BASE = 0x800
                    0x4000                  __DATA_LENGTH = 0x4000
                    0x2800                  __YDATA_BASE = 0x2800
                    0x4800                  __YDATA_END = 0x4800
                    0x4000                  __DMA_BASE = 0x4000
                    0x47ff                  __DMA_END = 0x47ff

.reset            0x000000          0x4
                  0x000000          0x1 SHORT 0x200 ABSOLUTE (__reset)
                  0x000001          0x1 SHORT 0x4
                  0x000002          0x1 SHORT 0x0 ((ABSOLUTE (__reset) >> 0x10) & 0x7f)
                  0x000003          0x1 SHORT 0x0

.text             0x000200       0x155e
 *(.init)
 .init            0x000200         0x4c c:/program files/microchip/xc-dsc/v3.21/bin/bin/../../lib\libc99-pic30-elf.a(crt0_standard.o)
                  0x000200                  __resetPRI
                  0x000200                  __reset
                  0x00023c                  __psv_init
 .init            0x00024c         0x7c c:/program files/microchip/xc-dsc/v3.21/bin/bin/../../lib\libc99-pic30-elf.a(data_init_standard.o)
                  0x000252                  __data_init_standard
                  0x000252                  __data_init
 *(.user_init)
 *(.handle)
 .handle          0x0002c8         0x2c jump_table
 *(.isr*)
 .isr.isr.text    0x0002f4         0x58 build/default/production/timer.o
                  0x0002f4                  __T1Interrupt
                  0x000320                  __T2Interrupt
 .isr             0x00034c          0x4 default_isr
                  0x00034c                  __DefaultInterrupt
 *(.libc)
 .libc            0x000350         0x1c c:/program files/microchip/xc-dsc/v3.21/bin/bin/../../lib\libc99-pic30-elf.a(delay32.XXMeo)
                  0x000350                  ___delay32
 .libc            0x00036c          0x4 c:/program files/microchip/xc-dsc/v3.21/bin/bin/../../lib\libc99-pic30-elf.a(close.XXMeo)
                  0x00036c                  _close
 .libc            0x000370         0x74 c:/program files/microchip/xc-dsc/v3.21/bin/bin/../../lib\libc99-pic30-elf.a(write.XXMeo)
                  0x000370                  _write
 .libc            0x0003e4         0x2a c:/program files/microchip/xc-dsc/v3.21/bin/bin/../../lib\libc99-pic30-elf.a(sbrk.XXMeo)
                  0x0003e4                  _sbrk
 .libc            0x00040e         0x18 c:/program files/microchip/xc-dsc/v3.21/bin/bin/../../lib\libc99-pic30-elf.a(brk.XXMeo)
                  0x00040e                  _brk
 *(.libm)
 *(.libdsp)
 *(.lib*)
 .libpic30_crt_start_mode
                  0x000426          0x2 c:/program files/microchip/xc-dsc/v3.21/bin/bin/../../lib\libc99-pic30-elf.a(crt_start_mode_normal.XXMeo)
                  0x000426                  __crt_start_mode
                  0x000426                  __crt_start_mode_normal
 .libm.eqsf2      0x000428          0x4 c:/program files/microchip/xc-dsc/v3.21/bin/bin/../../lib\libc99-pic30-elf.a(feqltle.XX_o)
                  0x000428                  ___eqsf2
                  0x000428                  ___ltsf2
                  0x000428                  ___lesf2
 .libm.gtsf2      0x00042c          0x4 c:/program files/microchip/xc-dsc/v3.21/bin/bin/../../lib\libc99-pic30-elf.a(fgtge.XX_o)
                  0x00042c                  ___gesf2
                  0x00042c                  ___gtsf2
 .libm.floatundisf
                  0x000430         0x5e c:/program files/microchip/xc-dsc/v3.21/bin/bin/../../lib\libc99-pic30-elf.a(floatundisf.XX_o)
                  0x000430                  ___floatundisf
 .libm.floatunsisf
                  0x00048e          0x4 c:/program files/microchip/xc-dsc/v3.21/bin/bin/../../lib\libc99-pic30-elf.a(floatunsisf.XX_o)
                  0x00048e                  ___floatunsisf
 .libm.fpack      0x000492         0x4c c:/program files/microchip/xc-dsc/v3.21/bin/bin/../../lib\libc99-pic30-elf.a(fpack.XX_o)
                  0x000492                  __fpack
 .libmx           0x0004de        0x1dc c:/program files/microchip/xc-dsc/v3.21/bin/bin/../../lib\libc99-pic30-elf.a(addsf3x.XX_o)
                  0x0004de                  ___subsf3x
                  0x0004de                  ___subsf3
                  0x0004f0                  ___addsf3x
                  0x0004f0                  ___addsf3
 .libmx           0x0006ba        0x1be c:/program files/microchip/xc-dsc/v3.21/bin/bin/../../lib\libc99-pic30-elf.a(divsf3x.XX_o)
                  0x0006ba                  ___divsf3x
                  0x0006ba                  ___divsf3
                  0x00084c                  __sdivf
 .libmx           0x000878        0x10c c:/program files/microchip/xc-dsc/v3.21/bin/bin/../../lib\libc99-pic30-elf.a(mulsf3x.XX_o)
                  0x000878                  ___mulsf3x
                  0x000878                  ___mulsf3
 .libmx           0x000984         0x54 c:/program files/microchip/xc-dsc/v3.21/bin/bin/../../lib\libc99-pic30-elf.a(dnrmpackfx.XX_o)
                  0x000984                  __dnrmpackf
 .libmx           0x0009d8         0x5e c:/program files/microchip/xc-dsc/v3.21/bin/bin/../../lib\libc99-pic30-elf.a(unpackdnrmfx.XX_o)
                  0x0009d8                  __unpackdnrmf
 .libmx           0x000a36         0x34 c:/program files/microchip/xc-dsc/v3.21/bin/bin/../../lib\libc99-pic30-elf.a(typefx.XX_o)
                  0x000a36                  __typef
 .libmx           0x000a6a         0x12 c:/program files/microchip/xc-dsc/v3.21/bin/bin/../../lib\libc99-pic30-elf.a(propnanfx.XX_o)
                  0x000a6a                  __propnanf
 .libmx           0x000a7c         0xa6 c:/program files/microchip/xc-dsc/v3.21/bin/bin/../../lib\libc99-pic30-elf.a(spackfx.XX_o)
                  0x000a7c                  __spackf
 .libmx           0x000b22         0x66 c:/program files/microchip/xc-dsc/v3.21/bin/bin/../../lib\libc99-pic30-elf.a(unpackfx.XX_o)
                  0x000b22                  __unpackf
 .libm.fcompare
                  0x000b88         0x36 c:/program files/microchip/xc-dsc/v3.21/bin/bin/../../lib\libc99-pic30-elf.a(fcompare.XX_o)
                  0x000b88                  __fcompare
 .libm.funpack2
                  0x000bbe         0x10 c:/program files/microchip/xc-dsc/v3.21/bin/bin/../../lib\libc99-pic30-elf.a(funpack2.XX_o)
                  0x000bbe                  __funpack2
 .libm.funpack    0x000bce         0x2a c:/program files/microchip/xc-dsc/v3.21/bin/bin/../../lib\libc99-pic30-elf.a(funpack.XX_o)
                  0x000bce                  __funpack
 .libm.__udivmoddi3
                  0x000bf8        0x118 c:/program files/microchip/xc-dsc/v3.21/bin/bin/../../lib\libc99-pic30-elf.a(divmoddi3.XX_o)
                  0x000bf8                  ___udivmoddi3
 .libm.__udivdi3
                  0x000d10          0xe c:/program files/microchip/xc-dsc/v3.21/bin/bin/../../lib\libc99-pic30-elf.a(divmoddi3.XX_o)
                  0x000d10                  ___udivdi3
 .libm.__umoddi3
                  0x000d1e          0x8 c:/program files/microchip/xc-dsc/v3.21/bin/bin/../../lib\libc99-pic30-elf.a(divmoddi3.XX_o)
                  0x000d1e                  ___umoddi3
 .libm.__divdi3
                  0x000d26         0x4e c:/program files/microchip/xc-dsc/v3.21/bin/bin/../../lib\libc99-pic30-elf.a(divmoddi3.XX_o)
                  0x000d26                  ___divdi3
 .libm.__moddi3
                  0x000d74         0x3e c:/program files/microchip/xc-dsc/v3.21/bin/bin/../../lib\libc99-pic30-elf.a(divmoddi3.XX_o)
                  0x000d74                  ___moddi3
 .libc.__simple_calloc
                  0x000db2         0x22 c:/program files/microchip/xc-dsc/v3.21/bin/bin/../../lib\libc99-elf.a(lite_calloc.XX_o)
                  0x000db2                  ___simple_calloc
                  0x000db2                  _calloc
                  0x000db2                  ___calloc0
 .libc.__simple_search_fl
                  0x000dd4         0x68 c:/program files/microchip/xc-dsc/v3.21/bin/bin/../../lib\libc99-elf.a(lite_free.XX_o)
                  0x000dd4                  ___simple_search_fl
 .libc.__simple_free
                  0x000e3c         0x2e c:/program files/microchip/xc-dsc/v3.21/bin/bin/../../lib\libc99-elf.a(lite_free.XX_o)
                  0x000e3c                  ___free0
                  0x000e3c                  ___simple_free
                  0x000e3c                  _free
 .libc.__simple_malloc
                  0x000e6a         0x7a c:/program files/microchip/xc-dsc/v3.21/bin/bin/../../lib\libc99-elf.a(lite_malloc.XX_o)
                  0x000e6a                  ___malloc0
                  0x000e6a                  _malloc
                  0x000e6a                  ___simple_malloc
 .libc.memset     0x000ee4          0xe c:/program files/microchip/xc-dsc/v3.21/bin/bin/../../lib\libc99-elf.a(memset.XX_o)
                  0x000ee4                  _memset
 .libc.strncpy    0x000ef2          0xc c:/program files/microchip/xc-dsc/v3.21/bin/bin/../../lib\libc99-elf.a(strncpy.XX_o)
                  0x000ef2                  _strncpy
 .libc.__expand_heap
                  0x000efe         0x10 c:/program files/microchip/xc-dsc/v3.21/bin/bin/../../lib\libc99-elf.a(expand_heap.XX_o)
                  0x000efe                  ___expand_heap
 .libc.__stpncpy
                  0x000f0e         0x6a c:/program files/microchip/xc-dsc/v3.21/bin/bin/../../lib\libc99-elf.a(stpncpy.XX_o)
                  0x000f0e                  _stpncpy
                  0x000f0e                  ___stpncpy
 .libc.__wrap_printf
                  0x000f78         0x10 c:/program files/microchip/xc-dsc/v3.21/bin/bin/../../lib\libc99-elf.a(__sio_printf_0.XX_o)
                  0x000f78                  __printf_0
                  0x000f78                  __dprintf_0
 .libc.__sio_printf_0
                  0x000f88          0x2 c:/program files/microchip/xc-dsc/v3.21/bin/bin/../../lib\libc99-elf.a(__sio_printf_0.XX_o)
                  0x000f88                  ___sio_printf_0
 .libc.__fmt_s    0x000f8a         0x52 c:/program files/microchip/xc-dsc/v3.21/bin/bin/../../lib\libc99-elf.a(__fmt_s.XX_o)
                  0x000f8a                  ___fmt_0_needed
                  0x000f8a                  ___fmt_s_needed
                  0x000f8a                  ___fmt_s
 .libc.__vfprintf
                  0x000fdc         0x1a c:/program files/microchip/xc-dsc/v3.21/bin/bin/../../lib\libc99-elf.a(__int_vfprintf.XX_o)
                  0x000fdc                  ___vfprintf
 .libc.__string_out
                  0x000ff6         0x28 c:/program files/microchip/xc-dsc/v3.21/bin/bin/../../lib\libc99-elf.a(__printf_core.XX_o)
 .libc.__pad      0x00101e         0x76 c:/program files/microchip/xc-dsc/v3.21/bin/bin/../../lib\libc99-elf.a(__printf_core.XX_o)
                  0x00101e                  ___pad
 .libc.__dummy_fmt3
                  0x001094          0x2 c:/program files/microchip/xc-dsc/v3.21/bin/bin/../../lib\libc99-elf.a(__printf_core.XX_o)
                  0x001094                  ___fmt_u
                  0x001094                  ___fmt_o
                  0x001094                  ___fmt_d
 .libc.__dummy_fmt4
                  0x001096          0x2 c:/program files/microchip/xc-dsc/v3.21/bin/bin/../../lib\libc99-elf.a(__printf_core.XX_o)
                  0x001096                  ___fmt_a
                  0x001096                  ___fmt_fp
                  0x001096                  ___fmt_x
 .libc.__dummy_fmts
                  0x001098          0x2 c:/program files/microchip/xc-dsc/v3.21/bin/bin/../../lib\libc99-elf.a(__printf_core.XX_o)
 .libc.__fmt_state
                  0x00109a         0x2c c:/program files/microchip/xc-dsc/v3.21/bin/bin/../../lib\libc99-elf.a(__printf_core.XX_o)
                  0x00109a                  ___fmt_state
 .libc.__printf_core
                  0x0010c6        0x30c c:/program files/microchip/xc-dsc/v3.21/bin/bin/../../lib\libc99-elf.a(__printf_core.XX_o)
                  0x0010c6                  ___printf_core
 .libc.memcpy     0x0013d2          0xe c:/program files/microchip/xc-dsc/v3.21/bin/bin/../../lib\libc99-elf.a(memcpy.XX_o)
                  0x0013d2                  _memcpy
 .libc.__dummy0
                  0x0013e0          0x2 c:/program files/microchip/xc-dsc/v3.21/bin/bin/../../lib\libc99-elf.a(stdout.XX_o)
                  0x0013e0                  ___stdio_seek
 .libc.__dummy    0x0013e2          0x4 c:/program files/microchip/xc-dsc/v3.21/bin/bin/../../lib\libc99-elf.a(stdout.XX_o)
                  0x0013e2                  ___get_stdout
 .libc.__init_stdout
                  0x0013e6          0x8 c:/program files/microchip/xc-dsc/v3.21/bin/bin/../../lib\libc99-elf.a(stdout.XX_o)
                  0x0013e6                  ___init_stdout
 .libc.strlen     0x0013ee         0x36 c:/program files/microchip/xc-dsc/v3.21/bin/bin/../../lib\libc99-elf.a(strlen.XX_o)
                  0x0013ee                  _strlen
 .libc.__fwrite_min
                  0x001424          0x4 c:/program files/microchip/xc-dsc/v3.21/bin/bin/../../lib\libc99-elf.a(__out.XX_o)
                  0x001424                  ___fwrite
                  0x001424                  ___stdio_write
                  0x001424                  ___stdio_write_unbuffered
 .libc.__out      0x001428         0x38 c:/program files/microchip/xc-dsc/v3.21/bin/bin/../../lib\libc99-elf.a(__out.XX_o)
                  0x001428                  ___out_needed
                  0x001428                  ___out
 .libc.__stdio_close
                  0x001460         0x42 c:/program files/microchip/xc-dsc/v3.21/bin/bin/../../lib\libc99-elf.a(__stdio_close.XX_o)
                  0x001460                  ___stdio_close
 .libc.__stdio_close_rw
                  0x0014a2         0x5c c:/program files/microchip/xc-dsc/v3.21/bin/bin/../../lib\libc99-elf.a(__stdio_close.XX_o)
                  0x0014a2                  ___stdio_close_rw
 .libc.atoi       0x0014fe         0x42 c:/program files/microchip/xc-dsc/v3.21/bin/bin/../../lib\libc99-elf.a(atoi.XX_o)
                  0x0014fe                  _atoi
 .libc.tolower    0x001540          0xc c:/program files/microchip/xc-dsc/v3.21/bin/bin/../../lib\libc99-elf.a(tolower.XX_o)
                  0x001540                  _tolower
 .libc.__tolower_l
                  0x00154c          0x2 c:/program files/microchip/xc-dsc/v3.21/bin/bin/../../lib\libc99-elf.a(tolower.XX_o)
                  0x00154c                  ___tolower_l
                  0x00154c                  _tolower_l
 .libc.__pop_float
                  0x00154e         0x40 c:/program files/microchip/xc-dsc/v3.21/bin/bin/../../lib\libc99-elf.a(__pop_float.XX_lo)
                  0x00154e                  ___pop_float
                  0x00154e                  ___pop_float_needed
 .libc.__pop_int
                  0x00158e         0xe6 c:/program files/microchip/xc-dsc/v3.21/bin/bin/../../lib\libc99-elf.a(__pop_int.XX_lo)
                  0x00158e                  ___pop_int
                  0x00158e                  ___pop_int_needed
 .libc.__pop_ptr
                  0x001674         0x84 c:/program files/microchip/xc-dsc/v3.21/bin/bin/../../lib\libc99-elf.a(__pop_ptr.XX_lo)
                  0x001674                  ___pop_ptr_needed
                  0x001674                  ___pop_ptr
 .libc.__lseek    0x0016f8          0xc c:/program files/microchip/xc-dsc/v3.21/bin/bin/../../lib\libc99-elf.a(lseek.XX_o)
                  0x0016f8                  _lseek
                  0x0016f8                  ___lseek
 .libc.__dummy    0x001704          0x2 c:/program files/microchip/xc-dsc/v3.21/bin/bin/../../lib\libc99-elf.a(__init_stdio.XX_o)
                  0x001704                  ___init_stderr
                  0x001704                  ___init_stdin
 .libc.__init_stdio
                  0x001706          0x6 c:/program files/microchip/xc-dsc/v3.21/bin/bin/../../lib\libc99-elf.a(__init_stdio.XX_o)
                  0x001706                  ___init_stdio
                  0x001706                  ___init_stdio_needed
 .libc.__syscall_ret
                  0x00170c         0x14 c:/program files/microchip/xc-dsc/v3.21/bin/bin/../../lib\libc99-elf.a(syscall_ret.XX_o)
                  0x00170c                  ___syscall_ret
 .libm.extendsfdf2
                  0x001720         0x3e c:/program files/microchip/xc-dsc/v3.21/bin/bin/../../lib\libc99-pic30-elf.a(extendsfdf.XX_o)
                  0x001720                  ___extendsfdf2

usercode
 *(usercode)

__FBS             0xf80000          0x2
 *(__FBS.sec*)
 __FBS.sec        0xf80000          0x2 /CW/_FBS
                  0xf80000                  __FBS.sec

__FSS             0xf80002          0x2
 *(__FSS.sec*)
 __FSS.sec        0xf80002          0x2 /CW/_FSS
                  0xf80002                  __FSS.sec

__FGS             0xf80004          0x2
 *(__FGS.sec*)
 __FGS.sec        0xf80004          0x2 /CW/_FGS
                  0xf80004                  __FGS.sec

__FOSCSEL
 *(__FOSCSEL.sec*)

__FOSC
 *(__FOSC.sec*)

__FWDT
 *(__FWDT.sec*)

__FPOR
 *(__FPOR.sec*)

__FICD
 *(__FICD.sec*)

__FUID0
 *(__FUID0.sec*)

__FUID1
 *(__FUID1.sec*)

__FUID2
 *(__FUID2.sec*)

__FUID3
 *(__FUID3.sec*)

.comment            0x0000        0xe18
 *(.comment)
 .comment           0x0000         0x58 build/default/production/main.o
 .comment           0x0058         0x58 build/default/production/system.o
 .comment           0x00b0         0x58 build/default/production/configuration_bits.o
 .comment           0x0108         0x58 build/default/production/system_methods.o
 .comment           0x0160         0x58 build/default/production/perephereal_methods.o
 .comment           0x01b8         0x58 build/default/production/software_uart.o
 .comment           0x0210         0x58 build/default/production/timer.o
 .comment           0x0268         0x58 build/default/production/timer_methods.o
 .comment           0x02c0         0x58 c:/program files/microchip/xc-dsc/v3.21/bin/bin/../../lib\libc99-pic30-elf.a(divmoddi3.XX_o)
 .comment           0x0318         0x58 c:/program files/microchip/xc-dsc/v3.21/bin/bin/../../lib\libc99-elf.a(lite_calloc.XX_o)
 .comment           0x0370         0x58 c:/program files/microchip/xc-dsc/v3.21/bin/bin/../../lib\libc99-elf.a(lite_free.XX_o)
 .comment           0x03c8         0x58 c:/program files/microchip/xc-dsc/v3.21/bin/bin/../../lib\libc99-elf.a(lite_malloc.XX_o)
 .comment           0x0420         0x58 c:/program files/microchip/xc-dsc/v3.21/bin/bin/../../lib\libc99-elf.a(memset.XX_o)
 .comment           0x0478         0x58 c:/program files/microchip/xc-dsc/v3.21/bin/bin/../../lib\libc99-elf.a(strncpy.XX_o)
 .comment           0x04d0         0x58 c:/program files/microchip/xc-dsc/v3.21/bin/bin/../../lib\libc99-elf.a(expand_heap.XX_o)
 .comment           0x0528         0x58 c:/program files/microchip/xc-dsc/v3.21/bin/bin/../../lib\libc99-elf.a(stpncpy.XX_o)
 .comment           0x0580         0x58 c:/program files/microchip/xc-dsc/v3.21/bin/bin/../../lib\libc99-elf.a(__sio_printf_0.XX_o)
 .comment           0x05d8         0x58 c:/program files/microchip/xc-dsc/v3.21/bin/bin/../../lib\libc99-elf.a(__fmt_s.XX_o)
 .comment           0x0630         0x58 c:/program files/microchip/xc-dsc/v3.21/bin/bin/../../lib\libc99-elf.a(__int_vfprintf.XX_o)
 .comment           0x0688         0x58 c:/program files/microchip/xc-dsc/v3.21/bin/bin/../../lib\libc99-elf.a(__printf_core.XX_o)
 .comment           0x06e0         0x58 c:/program files/microchip/xc-dsc/v3.21/bin/bin/../../lib\libc99-elf.a(memcpy.XX_o)
 .comment           0x0738         0x58 c:/program files/microchip/xc-dsc/v3.21/bin/bin/../../lib\libc99-elf.a(stdout.XX_o)
 .comment           0x0790         0x58 c:/program files/microchip/xc-dsc/v3.21/bin/bin/../../lib\libc99-elf.a(strlen.XX_o)
 .comment           0x07e8         0x58 c:/program files/microchip/xc-dsc/v3.21/bin/bin/../../lib\libc99-elf.a(__out.XX_o)
 .comment           0x0840         0x58 c:/program files/microchip/xc-dsc/v3.21/bin/bin/../../lib\libc99-elf.a(__stdio_close.XX_o)
 .comment           0x0898         0x58 c:/program files/microchip/xc-dsc/v3.21/bin/bin/../../lib\libc99-elf.a(__errno_location.XX_lo)
 .comment           0x08f0         0x58 c:/program files/microchip/xc-dsc/v3.21/bin/bin/../../lib\libc99-elf.a(atoi.XX_o)
 .comment           0x0948         0x58 c:/program files/microchip/xc-dsc/v3.21/bin/bin/../../lib\libc99-elf.a(tolower.XX_o)
 .comment           0x09a0         0x58 c:/program files/microchip/xc-dsc/v3.21/bin/bin/../../lib\libc99-elf.a(__io_init_needed.XX_lo)
 .comment           0x09f8         0x58 c:/program files/microchip/xc-dsc/v3.21/bin/bin/../../lib\libc99-elf.a(__pop_float.XX_lo)
 .comment           0x0a50         0x58 c:/program files/microchip/xc-dsc/v3.21/bin/bin/../../lib\libc99-elf.a(__pop_int.XX_lo)
 .comment           0x0aa8         0x58 c:/program files/microchip/xc-dsc/v3.21/bin/bin/../../lib\libc99-elf.a(__pop_ptr.XX_lo)
 .comment           0x0b00         0x58 c:/program files/microchip/xc-dsc/v3.21/bin/bin/../../lib\libc99-elf.a(lseek.XX_o)
 .comment           0x0b58         0x58 c:/program files/microchip/xc-dsc/v3.21/bin/bin/../../lib\libc99-elf.a(__init_stdio.XX_o)
 .comment           0x0bb0         0x58 c:/program files/microchip/xc-dsc/v3.21/bin/bin/../../lib\libc99-elf.a(__io_file_needed.XX_o)
 .comment           0x0c08         0x58 c:/program files/microchip/xc-dsc/v3.21/bin/bin/../../lib\libc99-elf.a(syscall_ret.XX_o)
 .comment           0x0c60         0x58 c:/program files/microchip/xc-dsc/v3.21/bin/bin/../../lib\libc99-pic30-elf.a(close.XXMeo)
 .comment           0x0cb8         0x58 c:/program files/microchip/xc-dsc/v3.21/bin/bin/../../lib\libc99-pic30-elf.a(write.XXMeo)
 .comment           0x0d10         0x58 c:/program files/microchip/xc-dsc/v3.21/bin/bin/../../lib\libc99-pic30-elf.a(sbrk.XXMeo)
 .comment           0x0d68         0x58 c:/program files/microchip/xc-dsc/v3.21/bin/bin/../../lib\libc99-pic30-elf.a(c30_uart.XXMeo)
 .comment           0x0dc0         0x58 c:/program files/microchip/xc-dsc/v3.21/bin/bin/../../lib\libc99-pic30-elf.a(brk.XXMeo)

.debug_info         0x0000       0x422e
 *(.debug_info)
 .debug_info        0x0000        0x62a build/default/production/main.o
 .debug_info        0x062a        0x37f build/default/production/system.o
 .debug_info        0x09a9        0x19f build/default/production/configuration_bits.o
 .debug_info        0x0b48        0x905 build/default/production/system_methods.o
 .debug_info        0x144d        0x769 build/default/production/perephereal_methods.o
 .debug_info        0x1bb6        0x8d5 build/default/production/software_uart.o
 .debug_info        0x248b        0x91c build/default/production/timer.o
 .debug_info        0x2da7       0x11db build/default/production/timer_methods.o
 .debug_info        0x3f82         0x26 c:/program files/microchip/xc-dsc/v3.21/bin/bin/../../lib\libc99-pic30-elf.a(feqltle.XX_o)
 .debug_info        0x3fa8         0x26 c:/program files/microchip/xc-dsc/v3.21/bin/bin/../../lib\libc99-pic30-elf.a(fgtge.XX_o)
 .debug_info        0x3fce         0x26 c:/program files/microchip/xc-dsc/v3.21/bin/bin/../../lib\libc99-pic30-elf.a(floatundisf.XX_o)
 .debug_info        0x3ff4         0x26 c:/program files/microchip/xc-dsc/v3.21/bin/bin/../../lib\libc99-pic30-elf.a(floatunsisf.XX_o)
 .debug_info        0x401a         0x26 c:/program files/microchip/xc-dsc/v3.21/bin/bin/../../lib\libc99-pic30-elf.a(fpack.XX_o)
 .debug_info        0x4040         0x26 c:/program files/microchip/xc-dsc/v3.21/bin/bin/../../lib\libc99-pic30-elf.a(addsf3x.XX_o)
 .debug_info        0x4066         0x26 c:/program files/microchip/xc-dsc/v3.21/bin/bin/../../lib\libc99-pic30-elf.a(divsf3x.XX_o)
 .debug_info        0x408c         0x26 c:/program files/microchip/xc-dsc/v3.21/bin/bin/../../lib\libc99-pic30-elf.a(mulsf3x.XX_o)
 .debug_info        0x40b2         0x26 c:/program files/microchip/xc-dsc/v3.21/bin/bin/../../lib\libc99-pic30-elf.a(dnrmpackfx.XX_o)
 .debug_info        0x40d8         0x26 c:/program files/microchip/xc-dsc/v3.21/bin/bin/../../lib\libc99-pic30-elf.a(unpackdnrmfx.XX_o)
 .debug_info        0x40fe         0x26 c:/program files/microchip/xc-dsc/v3.21/bin/bin/../../lib\libc99-pic30-elf.a(typefx.XX_o)
 .debug_info        0x4124         0x26 c:/program files/microchip/xc-dsc/v3.21/bin/bin/../../lib\libc99-pic30-elf.a(propnanfx.XX_o)
 .debug_info        0x414a         0x26 c:/program files/microchip/xc-dsc/v3.21/bin/bin/../../lib\libc99-pic30-elf.a(spackfx.XX_o)
 .debug_info        0x4170         0x26 c:/program files/microchip/xc-dsc/v3.21/bin/bin/../../lib\libc99-pic30-elf.a(unpackfx.XX_o)
 .debug_info        0x4196         0x26 c:/program files/microchip/xc-dsc/v3.21/bin/bin/../../lib\libc99-pic30-elf.a(fcompare.XX_o)
 .debug_info        0x41bc         0x26 c:/program files/microchip/xc-dsc/v3.21/bin/bin/../../lib\libc99-pic30-elf.a(funpack2.XX_o)
 .debug_info        0x41e2         0x26 c:/program files/microchip/xc-dsc/v3.21/bin/bin/../../lib\libc99-pic30-elf.a(funpack.XX_o)
 .debug_info        0x4208         0x26 c:/program files/microchip/xc-dsc/v3.21/bin/bin/../../lib\libc99-pic30-elf.a(extendsfdf.XX_o)
 *(.gnu.linkonce.wi.*)

.debug_abbrev       0x0000        0x99e
 *(.debug_abbrev)
 .debug_abbrev      0x0000        0x143 build/default/production/main.o
 .debug_abbrev      0x0143         0x9d build/default/production/system.o
 .debug_abbrev      0x01e0         0x1b build/default/production/configuration_bits.o
 .debug_abbrev      0x01fb        0x128 build/default/production/system_methods.o
 .debug_abbrev      0x0323         0xb1 build/default/production/perephereal_methods.o
 .debug_abbrev      0x03d4        0x190 build/default/production/software_uart.o
 .debug_abbrev      0x0564        0x1af build/default/production/timer.o
 .debug_abbrev      0x0713        0x123 build/default/production/timer_methods.o
 .debug_abbrev      0x0836         0x14 c:/program files/microchip/xc-dsc/v3.21/bin/bin/../../lib\libc99-pic30-elf.a(feqltle.XX_o)
 .debug_abbrev      0x084a         0x14 c:/program files/microchip/xc-dsc/v3.21/bin/bin/../../lib\libc99-pic30-elf.a(fgtge.XX_o)
 .debug_abbrev      0x085e         0x14 c:/program files/microchip/xc-dsc/v3.21/bin/bin/../../lib\libc99-pic30-elf.a(floatundisf.XX_o)
 .debug_abbrev      0x0872         0x14 c:/program files/microchip/xc-dsc/v3.21/bin/bin/../../lib\libc99-pic30-elf.a(floatunsisf.XX_o)
 .debug_abbrev      0x0886         0x14 c:/program files/microchip/xc-dsc/v3.21/bin/bin/../../lib\libc99-pic30-elf.a(fpack.XX_o)
 .debug_abbrev      0x089a         0x14 c:/program files/microchip/xc-dsc/v3.21/bin/bin/../../lib\libc99-pic30-elf.a(addsf3x.XX_o)
 .debug_abbrev      0x08ae         0x14 c:/program files/microchip/xc-dsc/v3.21/bin/bin/../../lib\libc99-pic30-elf.a(divsf3x.XX_o)
 .debug_abbrev      0x08c2         0x14 c:/program files/microchip/xc-dsc/v3.21/bin/bin/../../lib\libc99-pic30-elf.a(mulsf3x.XX_o)
 .debug_abbrev      0x08d6         0x14 c:/program files/microchip/xc-dsc/v3.21/bin/bin/../../lib\libc99-pic30-elf.a(dnrmpackfx.XX_o)
 .debug_abbrev      0x08ea         0x14 c:/program files/microchip/xc-dsc/v3.21/bin/bin/../../lib\libc99-pic30-elf.a(unpackdnrmfx.XX_o)
 .debug_abbrev      0x08fe         0x14 c:/program files/microchip/xc-dsc/v3.21/bin/bin/../../lib\libc99-pic30-elf.a(typefx.XX_o)
 .debug_abbrev      0x0912         0x14 c:/program files/microchip/xc-dsc/v3.21/bin/bin/../../lib\libc99-pic30-elf.a(propnanfx.XX_o)
 .debug_abbrev      0x0926         0x14 c:/program files/microchip/xc-dsc/v3.21/bin/bin/../../lib\libc99-pic30-elf.a(spackfx.XX_o)
 .debug_abbrev      0x093a         0x14 c:/program files/microchip/xc-dsc/v3.21/bin/bin/../../lib\libc99-pic30-elf.a(unpackfx.XX_o)
 .debug_abbrev      0x094e         0x14 c:/program files/microchip/xc-dsc/v3.21/bin/bin/../../lib\libc99-pic30-elf.a(fcompare.XX_o)
 .debug_abbrev      0x0962         0x14 c:/program files/microchip/xc-dsc/v3.21/bin/bin/../../lib\libc99-pic30-elf.a(funpack2.XX_o)
 .debug_abbrev      0x0976         0x14 c:/program files/microchip/xc-dsc/v3.21/bin/bin/../../lib\libc99-pic30-elf.a(funpack.XX_o)
 .debug_abbrev      0x098a         0x14 c:/program files/microchip/xc-dsc/v3.21/bin/bin/../../lib\libc99-pic30-elf.a(extendsfdf.XX_o)

.debug_line         0x0000       0x1389
 *(.debug_line)
 .debug_line        0x0000        0x19d build/default/production/main.o
 .debug_line        0x019d         0xc4 build/default/production/system.o
 .debug_line        0x0261         0x1d build/default/production/configuration_bits.o
 .debug_line        0x027e        0x13e build/default/production/system_methods.o
 .debug_line        0x03bc        0x14d build/default/production/perephereal_methods.o
 .debug_line        0x0509        0x207 build/default/production/software_uart.o
 .debug_line        0x0710        0x1a4 build/default/production/timer.o
 .debug_line        0x08b4        0x20f build/default/production/timer_methods.o
 .debug_line        0x0ac3         0x3a c:/program files/microchip/xc-dsc/v3.21/bin/bin/../../lib\libc99-pic30-elf.a(feqltle.XX_o)
 .debug_line        0x0afd         0x38 c:/program files/microchip/xc-dsc/v3.21/bin/bin/../../lib\libc99-pic30-elf.a(fgtge.XX_o)
 .debug_line        0x0b35         0x73 c:/program files/microchip/xc-dsc/v3.21/bin/bin/../../lib\libc99-pic30-elf.a(floatundisf.XX_o)
 .debug_line        0x0ba8         0x3e c:/program files/microchip/xc-dsc/v3.21/bin/bin/../../lib\libc99-pic30-elf.a(floatunsisf.XX_o)
 .debug_line        0x0be6         0x5d c:/program files/microchip/xc-dsc/v3.21/bin/bin/../../lib\libc99-pic30-elf.a(fpack.XX_o)
 .debug_line        0x0c43        0x145 c:/program files/microchip/xc-dsc/v3.21/bin/bin/../../lib\libc99-pic30-elf.a(addsf3x.XX_o)
 .debug_line        0x0d88        0x130 c:/program files/microchip/xc-dsc/v3.21/bin/bin/../../lib\libc99-pic30-elf.a(divsf3x.XX_o)
 .debug_line        0x0eb8         0xcf c:/program files/microchip/xc-dsc/v3.21/bin/bin/../../lib\libc99-pic30-elf.a(mulsf3x.XX_o)
 .debug_line        0x0f87         0x75 c:/program files/microchip/xc-dsc/v3.21/bin/bin/../../lib\libc99-pic30-elf.a(dnrmpackfx.XX_o)
 .debug_line        0x0ffc         0x7d c:/program files/microchip/xc-dsc/v3.21/bin/bin/../../lib\libc99-pic30-elf.a(unpackdnrmfx.XX_o)
 .debug_line        0x1079         0x61 c:/program files/microchip/xc-dsc/v3.21/bin/bin/../../lib\libc99-pic30-elf.a(typefx.XX_o)
 .debug_line        0x10da         0x54 c:/program files/microchip/xc-dsc/v3.21/bin/bin/../../lib\libc99-pic30-elf.a(propnanfx.XX_o)
 .debug_line        0x112e         0x9b c:/program files/microchip/xc-dsc/v3.21/bin/bin/../../lib\libc99-pic30-elf.a(spackfx.XX_o)
 .debug_line        0x11c9         0x7c c:/program files/microchip/xc-dsc/v3.21/bin/bin/../../lib\libc99-pic30-elf.a(unpackfx.XX_o)
 .debug_line        0x1245         0x56 c:/program files/microchip/xc-dsc/v3.21/bin/bin/../../lib\libc99-pic30-elf.a(fcompare.XX_o)
 .debug_line        0x129b         0x45 c:/program files/microchip/xc-dsc/v3.21/bin/bin/../../lib\libc99-pic30-elf.a(funpack2.XX_o)
 .debug_line        0x12e0         0x4d c:/program files/microchip/xc-dsc/v3.21/bin/bin/../../lib\libc99-pic30-elf.a(funpack.XX_o)
 .debug_line        0x132d         0x5c c:/program files/microchip/xc-dsc/v3.21/bin/bin/../../lib\libc99-pic30-elf.a(extendsfdf.XX_o)

.debug_frame        0x0000        0x7cc
 *(.debug_frame)
 .debug_frame       0x0000         0x2e build/default/production/main.o
 .debug_frame       0x002e         0x5a build/default/production/system.o
 .debug_frame       0x0088         0xb0 build/default/production/system_methods.o
 .debug_frame       0x0138         0xb0 build/default/production/perephereal_methods.o
 .debug_frame       0x01e8         0x84 build/default/production/software_uart.o
 .debug_frame       0x026c        0x1a4 build/default/production/timer.o
 .debug_frame       0x0410        0x3bc build/default/production/timer_methods.o

.debug_str          0x0000        0x670
 *(.debug_str)
 .debug_str         0x0000          0xd build/default/production/main.o
 .debug_str         0x000d          0x0 build/default/production/system.o
 .debug_str         0x000d          0x0 build/default/production/configuration_bits.o
 .debug_str         0x000d          0x0 build/default/production/system_methods.o
 .debug_str         0x000d          0x0 build/default/production/perephereal_methods.o
 .debug_str         0x000d          0x0 build/default/production/software_uart.o
 .debug_str         0x000d         0x4a build/default/production/timer.o
 .debug_str         0x0057         0x1e build/default/production/timer_methods.o
 .debug_str         0x0075         0x4c c:/program files/microchip/xc-dsc/v3.21/bin/bin/../../lib\libc99-pic30-elf.a(feqltle.XX_o)
 .debug_str         0x00c1         0x4a c:/program files/microchip/xc-dsc/v3.21/bin/bin/../../lib\libc99-pic30-elf.a(fgtge.XX_o)
 .debug_str         0x010b         0x50 c:/program files/microchip/xc-dsc/v3.21/bin/bin/../../lib\libc99-pic30-elf.a(floatundisf.XX_o)
 .debug_str         0x015b         0x50 c:/program files/microchip/xc-dsc/v3.21/bin/bin/../../lib\libc99-pic30-elf.a(floatunsisf.XX_o)
 .debug_str         0x01ab         0x4a c:/program files/microchip/xc-dsc/v3.21/bin/bin/../../lib\libc99-pic30-elf.a(fpack.XX_o)
 .debug_str         0x01f5         0x5c c:/program files/microchip/xc-dsc/v3.21/bin/bin/../../lib\libc99-pic30-elf.a(addsf3x.XX_o)
 .debug_str         0x0251         0x5c c:/program files/microchip/xc-dsc/v3.21/bin/bin/../../lib\libc99-pic30-elf.a(divsf3x.XX_o)
 .debug_str         0x02ad         0x5c c:/program files/microchip/xc-dsc/v3.21/bin/bin/../../lib\libc99-pic30-elf.a(mulsf3x.XX_o)
 .debug_str         0x0309         0x5f c:/program files/microchip/xc-dsc/v3.21/bin/bin/../../lib\libc99-pic30-elf.a(dnrmpackfx.XX_o)
 .debug_str         0x0368         0x61 c:/program files/microchip/xc-dsc/v3.21/bin/bin/../../lib\libc99-pic30-elf.a(unpackdnrmfx.XX_o)
 .debug_str         0x03c9         0x5b c:/program files/microchip/xc-dsc/v3.21/bin/bin/../../lib\libc99-pic30-elf.a(typefx.XX_o)
 .debug_str         0x0424         0x5e c:/program files/microchip/xc-dsc/v3.21/bin/bin/../../lib\libc99-pic30-elf.a(propnanfx.XX_o)
 .debug_str         0x0482         0x5c c:/program files/microchip/xc-dsc/v3.21/bin/bin/../../lib\libc99-pic30-elf.a(spackfx.XX_o)
 .debug_str         0x04de         0x5d c:/program files/microchip/xc-dsc/v3.21/bin/bin/../../lib\libc99-pic30-elf.a(unpackfx.XX_o)
 .debug_str         0x053b         0x4d c:/program files/microchip/xc-dsc/v3.21/bin/bin/../../lib\libc99-pic30-elf.a(fcompare.XX_o)
 .debug_str         0x0588         0x4d c:/program files/microchip/xc-dsc/v3.21/bin/bin/../../lib\libc99-pic30-elf.a(funpack2.XX_o)
 .debug_str         0x05d5         0x4c c:/program files/microchip/xc-dsc/v3.21/bin/bin/../../lib\libc99-pic30-elf.a(funpack.XX_o)
 .debug_str         0x0621         0x4f c:/program files/microchip/xc-dsc/v3.21/bin/bin/../../lib\libc99-pic30-elf.a(extendsfdf.XX_o)

.debug_loc          0x0000        0x8a0
 *(.debug_loc)
 .debug_loc         0x0000         0x20 build/default/production/main.o
 .debug_loc         0x0020         0x40 build/default/production/system.o
 .debug_loc         0x0060         0xc0 build/default/production/system_methods.o
 .debug_loc         0x0120         0xc0 build/default/production/perephereal_methods.o
 .debug_loc         0x01e0         0x80 build/default/production/software_uart.o
 .debug_loc         0x0260        0x1c0 build/default/production/timer.o
 .debug_loc         0x0420        0x480 build/default/production/timer_methods.o

.debug_macinfo
 *(.debug_macinfo)

.debug_pubnames
 *(.debug_pubnames)

.debug_ranges       0x0000        0x260
 *(.debug_ranges)
 .debug_ranges      0x0000         0x10 build/default/production/main.o
 .debug_ranges      0x0010         0x18 build/default/production/system.o
 .debug_ranges      0x0028         0x38 build/default/production/system_methods.o
 .debug_ranges      0x0060         0x38 build/default/production/perephereal_methods.o
 .debug_ranges      0x0098         0x28 build/default/production/software_uart.o
 .debug_ranges      0x00c0         0x78 build/default/production/timer.o
 .debug_ranges      0x0138        0x128 build/default/production/timer_methods.o

.debug_aranges      0x0000        0x528
 *(.debug_aranges)
 .debug_aranges
                    0x0000         0x20 build/default/production/main.o
 .debug_aranges
                    0x0020         0x28 build/default/production/system.o
 .debug_aranges
                    0x0048         0x18 build/default/production/configuration_bits.o
 .debug_aranges
                    0x0060         0x48 build/default/production/system_methods.o
 .debug_aranges
                    0x00a8         0x48 build/default/production/perephereal_methods.o
 .debug_aranges
                    0x00f0         0x38 build/default/production/software_uart.o
 .debug_aranges
                    0x0128         0x88 build/default/production/timer.o
 .debug_aranges
                    0x01b0        0x138 build/default/production/timer_methods.o
 .debug_aranges
                    0x02e8         0x20 c:/program files/microchip/xc-dsc/v3.21/bin/bin/../../lib\libc99-pic30-elf.a(feqltle.XX_o)
 .debug_aranges
                    0x0308         0x20 c:/program files/microchip/xc-dsc/v3.21/bin/bin/../../lib\libc99-pic30-elf.a(fgtge.XX_o)
 .debug_aranges
                    0x0328         0x20 c:/program files/microchip/xc-dsc/v3.21/bin/bin/../../lib\libc99-pic30-elf.a(floatundisf.XX_o)
 .debug_aranges
                    0x0348         0x20 c:/program files/microchip/xc-dsc/v3.21/bin/bin/../../lib\libc99-pic30-elf.a(floatunsisf.XX_o)
 .debug_aranges
                    0x0368         0x20 c:/program files/microchip/xc-dsc/v3.21/bin/bin/../../lib\libc99-pic30-elf.a(fpack.XX_o)
 .debug_aranges
                    0x0388         0x20 c:/program files/microchip/xc-dsc/v3.21/bin/bin/../../lib\libc99-pic30-elf.a(addsf3x.XX_o)
 .debug_aranges
                    0x03a8         0x20 c:/program files/microchip/xc-dsc/v3.21/bin/bin/../../lib\libc99-pic30-elf.a(divsf3x.XX_o)
 .debug_aranges
                    0x03c8         0x20 c:/program files/microchip/xc-dsc/v3.21/bin/bin/../../lib\libc99-pic30-elf.a(mulsf3x.XX_o)
 .debug_aranges
                    0x03e8         0x20 c:/program files/microchip/xc-dsc/v3.21/bin/bin/../../lib\libc99-pic30-elf.a(dnrmpackfx.XX_o)
 .debug_aranges
                    0x0408         0x20 c:/program files/microchip/xc-dsc/v3.21/bin/bin/../../lib\libc99-pic30-elf.a(unpackdnrmfx.XX_o)
 .debug_aranges
                    0x0428         0x20 c:/program files/microchip/xc-dsc/v3.21/bin/bin/../../lib\libc99-pic30-elf.a(typefx.XX_o)
 .debug_aranges
                    0x0448         0x20 c:/program files/microchip/xc-dsc/v3.21/bin/bin/../../lib\libc99-pic30-elf.a(propnanfx.XX_o)
 .debug_aranges
                    0x0468         0x20 c:/program files/microchip/xc-dsc/v3.21/bin/bin/../../lib\libc99-pic30-elf.a(spackfx.XX_o)
 .debug_aranges
                    0x0488         0x20 c:/program files/microchip/xc-dsc/v3.21/bin/bin/../../lib\libc99-pic30-elf.a(unpackfx.XX_o)
 .debug_aranges
                    0x04a8         0x20 c:/program files/microchip/xc-dsc/v3.21/bin/bin/../../lib\libc99-pic30-elf.a(fcompare.XX_o)
 .debug_aranges
                    0x04c8         0x20 c:/program files/microchip/xc-dsc/v3.21/bin/bin/../../lib\libc99-pic30-elf.a(funpack2.XX_o)
 .debug_aranges
                    0x04e8         0x20 c:/program files/microchip/xc-dsc/v3.21/bin/bin/../../lib\libc99-pic30-elf.a(funpack.XX_o)
 .debug_aranges
                    0x0508         0x20 c:/program files/microchip/xc-dsc/v3.21/bin/bin/../../lib\libc99-pic30-elf.a(extendsfdf.XX_o)
                    0x0000                  WREG0 = 0x0
                    0x0000                  _WREG0 = 0x0
                    0x0002                  WREG1 = 0x2
                    0x0002                  _WREG1 = 0x2
                    0x0004                  WREG2 = 0x4
                    0x0004                  _WREG2 = 0x4
                    0x0006                  WREG3 = 0x6
                    0x0006                  _WREG3 = 0x6
                    0x0008                  WREG4 = 0x8
                    0x0008                  _WREG4 = 0x8
                    0x000a                  WREG5 = 0xa
                    0x000a                  _WREG5 = 0xa
                    0x000c                  WREG6 = 0xc
                    0x000c                  _WREG6 = 0xc
                    0x000e                  WREG7 = 0xe
                    0x000e                  _WREG7 = 0xe
                    0x0010                  WREG8 = 0x10
                    0x0010                  _WREG8 = 0x10
                    0x0012                  WREG9 = 0x12
                    0x0012                  _WREG9 = 0x12
                    0x0014                  WREG10 = 0x14
                    0x0014                  _WREG10 = 0x14
                    0x0016                  WREG11 = 0x16
                    0x0016                  _WREG11 = 0x16
                    0x0018                  WREG12 = 0x18
                    0x0018                  _WREG12 = 0x18
                    0x001a                  WREG13 = 0x1a
                    0x001a                  _WREG13 = 0x1a
                    0x001c                  WREG14 = 0x1c
                    0x001c                  _WREG14 = 0x1c
                    0x001e                  WREG15 = 0x1e
                    0x001e                  _WREG15 = 0x1e
                    0x0020                  SPLIM = 0x20
                    0x0020                  _SPLIM = 0x20
                    0x0022                  ACCAL = 0x22
                    0x0022                  _ACCAL = 0x22
                    0x0024                  ACCAH = 0x24
                    0x0024                  _ACCAH = 0x24
                    0x0026                  ACCAU = 0x26
                    0x0026                  _ACCAU = 0x26
                    0x0028                  ACCBL = 0x28
                    0x0028                  _ACCBL = 0x28
                    0x002a                  ACCBH = 0x2a
                    0x002a                  _ACCBH = 0x2a
                    0x002c                  ACCBU = 0x2c
                    0x002c                  _ACCBU = 0x2c
                    0x002e                  PCL = 0x2e
                    0x002e                  _PCL = 0x2e
                    0x0030                  PCH = 0x30
                    0x0030                  _PCH = 0x30
                    0x0032                  TBLPAG = 0x32
                    0x0032                  _TBLPAG = 0x32
                    0x0034                  PSVPAG = 0x34
                    0x0034                  _PSVPAG = 0x34
                    0x0036                  RCOUNT = 0x36
                    0x0036                  _RCOUNT = 0x36
                    0x0038                  DCOUNT = 0x38
                    0x0038                  _DCOUNT = 0x38
                    0x003a                  DOSTARTL = 0x3a
                    0x003a                  _DOSTARTL = 0x3a
                    0x003c                  DOSTARTH = 0x3c
                    0x003c                  _DOSTARTH = 0x3c
                    0x003e                  DOENDL = 0x3e
                    0x003e                  _DOENDL = 0x3e
                    0x0040                  DOENDH = 0x40
                    0x0040                  _DOENDH = 0x40
                    0x0042                  SR = 0x42
                    0x0042                  _SR = 0x42
                    0x0042                  _SRbits = 0x42
                    0x0044                  CORCON = 0x44
                    0x0044                  _CORCON = 0x44
                    0x0044                  _CORCONbits = 0x44
                    0x0046                  MODCON = 0x46
                    0x0046                  _MODCON = 0x46
                    0x0046                  _MODCONbits = 0x46
                    0x0048                  XMODSRT = 0x48
                    0x0048                  _XMODSRT = 0x48
                    0x004a                  XMODEND = 0x4a
                    0x004a                  _XMODEND = 0x4a
                    0x004c                  YMODSRT = 0x4c
                    0x004c                  _YMODSRT = 0x4c
                    0x004e                  YMODEND = 0x4e
                    0x004e                  _YMODEND = 0x4e
                    0x0050                  XBREV = 0x50
                    0x0050                  _XBREV = 0x50
                    0x0050                  _XBREVbits = 0x50
                    0x0052                  DISICNT = 0x52
                    0x0052                  _DISICNT = 0x52
                    0x0060                  CNEN1 = 0x60
                    0x0060                  _CNEN1 = 0x60
                    0x0060                  _CNEN1bits = 0x60
                    0x0062                  CNEN2 = 0x62
                    0x0062                  _CNEN2 = 0x62
                    0x0062                  _CNEN2bits = 0x62
                    0x0068                  CNPU1 = 0x68
                    0x0068                  _CNPU1 = 0x68
                    0x0068                  _CNPU1bits = 0x68
                    0x006a                  CNPU2 = 0x6a
                    0x006a                  _CNPU2 = 0x6a
                    0x006a                  _CNPU2bits = 0x6a
                    0x0080                  INTCON1 = 0x80
                    0x0080                  _INTCON1 = 0x80
                    0x0080                  _INTCON1bits = 0x80
                    0x0082                  INTCON2 = 0x82
                    0x0082                  _INTCON2 = 0x82
                    0x0082                  _INTCON2bits = 0x82
                    0x0084                  IFS0 = 0x84
                    0x0084                  _IFS0 = 0x84
                    0x0084                  _IFS0bits = 0x84
                    0x0086                  IFS1 = 0x86
                    0x0086                  _IFS1 = 0x86
                    0x0086                  _IFS1bits = 0x86
                    0x0088                  IFS2 = 0x88
                    0x0088                  _IFS2 = 0x88
                    0x0088                  _IFS2bits = 0x88
                    0x008a                  IFS3 = 0x8a
                    0x008a                  _IFS3 = 0x8a
                    0x008a                  _IFS3bits = 0x8a
                    0x008c                  IFS4 = 0x8c
                    0x008c                  _IFS4 = 0x8c
                    0x008c                  _IFS4bits = 0x8c
                    0x0094                  IEC0 = 0x94
                    0x0094                  _IEC0 = 0x94
                    0x0094                  _IEC0bits = 0x94
                    0x0096                  IEC1 = 0x96
                    0x0096                  _IEC1 = 0x96
                    0x0096                  _IEC1bits = 0x96
                    0x0098                  IEC2 = 0x98
                    0x0098                  _IEC2 = 0x98
                    0x0098                  _IEC2bits = 0x98
                    0x009a                  IEC3 = 0x9a
                    0x009a                  _IEC3 = 0x9a
                    0x009a                  _IEC3bits = 0x9a
                    0x009c                  IEC4 = 0x9c
                    0x009c                  _IEC4 = 0x9c
                    0x009c                  _IEC4bits = 0x9c
                    0x00a4                  IPC0 = 0xa4
                    0x00a4                  _IPC0 = 0xa4
                    0x00a4                  _IPC0bits = 0xa4
                    0x00a6                  IPC1 = 0xa6
                    0x00a6                  _IPC1 = 0xa6
                    0x00a6                  _IPC1bits = 0xa6
                    0x00a8                  IPC2 = 0xa8
                    0x00a8                  _IPC2 = 0xa8
                    0x00a8                  _IPC2bits = 0xa8
                    0x00aa                  IPC3 = 0xaa
                    0x00aa                  _IPC3 = 0xaa
                    0x00aa                  _IPC3bits = 0xaa
                    0x00ac                  IPC4 = 0xac
                    0x00ac                  _IPC4 = 0xac
                    0x00ac                  _IPC4bits = 0xac
                    0x00ae                  IPC5 = 0xae
                    0x00ae                  _IPC5 = 0xae
                    0x00ae                  _IPC5bits = 0xae
                    0x00b0                  IPC6 = 0xb0
                    0x00b0                  _IPC6 = 0xb0
                    0x00b0                  _IPC6bits = 0xb0
                    0x00b2                  IPC7 = 0xb2
                    0x00b2                  _IPC7 = 0xb2
                    0x00b2                  _IPC7bits = 0xb2
                    0x00b4                  IPC8 = 0xb4
                    0x00b4                  _IPC8 = 0xb4
                    0x00b4                  _IPC8bits = 0xb4
                    0x00b6                  IPC9 = 0xb6
                    0x00b6                  _IPC9 = 0xb6
                    0x00b6                  _IPC9bits = 0xb6
                    0x00b8                  IPC10 = 0xb8
                    0x00b8                  _IPC10 = 0xb8
                    0x00b8                  _IPC10bits = 0xb8
                    0x00ba                  IPC11 = 0xba
                    0x00ba                  _IPC11 = 0xba
                    0x00ba                  _IPC11bits = 0xba
                    0x00bc                  IPC12 = 0xbc
                    0x00bc                  _IPC12 = 0xbc
                    0x00bc                  _IPC12bits = 0xbc
                    0x00be                  IPC13 = 0xbe
                    0x00be                  _IPC13 = 0xbe
                    0x00be                  _IPC13bits = 0xbe
                    0x00c0                  IPC14 = 0xc0
                    0x00c0                  _IPC14 = 0xc0
                    0x00c0                  _IPC14bits = 0xc0
                    0x00c2                  IPC15 = 0xc2
                    0x00c2                  _IPC15 = 0xc2
                    0x00c2                  _IPC15bits = 0xc2
                    0x00c4                  IPC16 = 0xc4
                    0x00c4                  _IPC16 = 0xc4
                    0x00c4                  _IPC16bits = 0xc4
                    0x00c6                  IPC17 = 0xc6
                    0x00c6                  _IPC17 = 0xc6
                    0x00c6                  _IPC17bits = 0xc6
                    0x00e0                  INTTREG = 0xe0
                    0x00e0                  _INTTREG = 0xe0
                    0x00e0                  _INTTREGbits = 0xe0
                    0x0100                  TMR1 = 0x100
                    0x0100                  _TMR1 = 0x100
                    0x0102                  PR1 = 0x102
                    0x0102                  _PR1 = 0x102
                    0x0104                  T1CON = 0x104
                    0x0104                  _T1CON = 0x104
                    0x0104                  _T1CONbits = 0x104
                    0x0106                  TMR2 = 0x106
                    0x0106                  _TMR2 = 0x106
                    0x0108                  TMR3HLD = 0x108
                    0x0108                  _TMR3HLD = 0x108
                    0x010a                  TMR3 = 0x10a
                    0x010a                  _TMR3 = 0x10a
                    0x010c                  PR2 = 0x10c
                    0x010c                  _PR2 = 0x10c
                    0x010e                  PR3 = 0x10e
                    0x010e                  _PR3 = 0x10e
                    0x0110                  T2CON = 0x110
                    0x0110                  _T2CON = 0x110
                    0x0110                  _T2CONbits = 0x110
                    0x0112                  T3CON = 0x112
                    0x0112                  _T3CON = 0x112
                    0x0112                  _T3CONbits = 0x112
                    0x0114                  TMR4 = 0x114
                    0x0114                  _TMR4 = 0x114
                    0x0116                  TMR5HLD = 0x116
                    0x0116                  _TMR5HLD = 0x116
                    0x0118                  TMR5 = 0x118
                    0x0118                  _TMR5 = 0x118
                    0x011a                  PR4 = 0x11a
                    0x011a                  _PR4 = 0x11a
                    0x011c                  PR5 = 0x11c
                    0x011c                  _PR5 = 0x11c
                    0x011e                  T4CON = 0x11e
                    0x011e                  _T4CON = 0x11e
                    0x011e                  _T4CONbits = 0x11e
                    0x0120                  T5CON = 0x120
                    0x0120                  _T5CON = 0x120
                    0x0120                  _T5CONbits = 0x120
                    0x0122                  TMR6 = 0x122
                    0x0122                  _TMR6 = 0x122
                    0x0124                  TMR7HLD = 0x124
                    0x0124                  _TMR7HLD = 0x124
                    0x0126                  TMR7 = 0x126
                    0x0126                  _TMR7 = 0x126
                    0x0128                  PR6 = 0x128
                    0x0128                  _PR6 = 0x128
                    0x012a                  PR7 = 0x12a
                    0x012a                  _PR7 = 0x12a
                    0x012c                  T6CON = 0x12c
                    0x012c                  _T6CON = 0x12c
                    0x012c                  _T6CONbits = 0x12c
                    0x012e                  T7CON = 0x12e
                    0x012e                  _T7CON = 0x12e
                    0x012e                  _T7CONbits = 0x12e
                    0x0130                  TMR8 = 0x130
                    0x0130                  _TMR8 = 0x130
                    0x0132                  TMR9HLD = 0x132
                    0x0132                  _TMR9HLD = 0x132
                    0x0134                  TMR9 = 0x134
                    0x0134                  _TMR9 = 0x134
                    0x0136                  PR8 = 0x136
                    0x0136                  _PR8 = 0x136
                    0x0138                  PR9 = 0x138
                    0x0138                  _PR9 = 0x138
                    0x013a                  T8CON = 0x13a
                    0x013a                  _T8CON = 0x13a
                    0x013a                  _T8CONbits = 0x13a
                    0x013c                  T9CON = 0x13c
                    0x013c                  _T9CON = 0x13c
                    0x013c                  _T9CONbits = 0x13c
                    0x0140                  IC1BUF = 0x140
                    0x0140                  _IC1BUF = 0x140
                    0x0142                  IC1CON = 0x142
                    0x0142                  _IC1CON = 0x142
                    0x0142                  _IC1CONbits = 0x142
                    0x0144                  IC2BUF = 0x144
                    0x0144                  _IC2BUF = 0x144
                    0x0146                  IC2CON = 0x146
                    0x0146                  _IC2CON = 0x146
                    0x0146                  _IC2CONbits = 0x146
                    0x0148                  IC3BUF = 0x148
                    0x0148                  _IC3BUF = 0x148
                    0x014a                  IC3CON = 0x14a
                    0x014a                  _IC3CON = 0x14a
                    0x014a                  _IC3CONbits = 0x14a
                    0x014c                  IC4BUF = 0x14c
                    0x014c                  _IC4BUF = 0x14c
                    0x014e                  IC4CON = 0x14e
                    0x014e                  _IC4CON = 0x14e
                    0x014e                  _IC4CONbits = 0x14e
                    0x0150                  IC5BUF = 0x150
                    0x0150                  _IC5BUF = 0x150
                    0x0152                  IC5CON = 0x152
                    0x0152                  _IC5CON = 0x152
                    0x0152                  _IC5CONbits = 0x152
                    0x0154                  IC6BUF = 0x154
                    0x0154                  _IC6BUF = 0x154
                    0x0156                  IC6CON = 0x156
                    0x0156                  _IC6CON = 0x156
                    0x0156                  _IC6CONbits = 0x156
                    0x0158                  IC7BUF = 0x158
                    0x0158                  _IC7BUF = 0x158
                    0x015a                  IC7CON = 0x15a
                    0x015a                  _IC7CON = 0x15a
                    0x015a                  _IC7CONbits = 0x15a
                    0x015c                  IC8BUF = 0x15c
                    0x015c                  _IC8BUF = 0x15c
                    0x015e                  IC8CON = 0x15e
                    0x015e                  _IC8CON = 0x15e
                    0x015e                  _IC8CONbits = 0x15e
                    0x0180                  OC1RS = 0x180
                    0x0180                  _OC1RS = 0x180
                    0x0182                  OC1R = 0x182
                    0x0182                  _OC1R = 0x182
                    0x0184                  OC1CON = 0x184
                    0x0184                  _OC1CON = 0x184
                    0x0184                  _OC1CONbits = 0x184
                    0x0186                  OC2RS = 0x186
                    0x0186                  _OC2RS = 0x186
                    0x0188                  OC2R = 0x188
                    0x0188                  _OC2R = 0x188
                    0x018a                  OC2CON = 0x18a
                    0x018a                  _OC2CON = 0x18a
                    0x018a                  _OC2CONbits = 0x18a
                    0x018c                  OC3RS = 0x18c
                    0x018c                  _OC3RS = 0x18c
                    0x018e                  OC3R = 0x18e
                    0x018e                  _OC3R = 0x18e
                    0x0190                  OC3CON = 0x190
                    0x0190                  _OC3CON = 0x190
                    0x0190                  _OC3CONbits = 0x190
                    0x0192                  OC4RS = 0x192
                    0x0192                  _OC4RS = 0x192
                    0x0194                  OC4R = 0x194
                    0x0194                  _OC4R = 0x194
                    0x0196                  OC4CON = 0x196
                    0x0196                  _OC4CON = 0x196
                    0x0196                  _OC4CONbits = 0x196
                    0x0198                  OC5RS = 0x198
                    0x0198                  _OC5RS = 0x198
                    0x019a                  OC5R = 0x19a
                    0x019a                  _OC5R = 0x19a
                    0x019c                  OC5CON = 0x19c
                    0x019c                  _OC5CON = 0x19c
                    0x019c                  _OC5CONbits = 0x19c
                    0x019e                  OC6RS = 0x19e
                    0x019e                  _OC6RS = 0x19e
                    0x01a0                  OC6R = 0x1a0
                    0x01a0                  _OC6R = 0x1a0
                    0x01a2                  OC6CON = 0x1a2
                    0x01a2                  _OC6CON = 0x1a2
                    0x01a2                  _OC6CONbits = 0x1a2
                    0x01a4                  OC7RS = 0x1a4
                    0x01a4                  _OC7RS = 0x1a4
                    0x01a6                  OC7R = 0x1a6
                    0x01a6                  _OC7R = 0x1a6
                    0x01a8                  OC7CON = 0x1a8
                    0x01a8                  _OC7CON = 0x1a8
                    0x01a8                  _OC7CONbits = 0x1a8
                    0x01aa                  OC8RS = 0x1aa
                    0x01aa                  _OC8RS = 0x1aa
                    0x01ac                  OC8R = 0x1ac
                    0x01ac                  _OC8R = 0x1ac
                    0x01ae                  OC8CON = 0x1ae
                    0x01ae                  _OC8CON = 0x1ae
                    0x01ae                  _OC8CONbits = 0x1ae
                    0x0200                  I2C1RCV = 0x200
                    0x0200                  _I2C1RCV = 0x200
                    0x0200                  I2CRCV = 0x200
                    0x0200                  _I2CRCV = 0x200
                    0x0202                  I2C1TRN = 0x202
                    0x0202                  _I2C1TRN = 0x202
                    0x0202                  I2CTRN = 0x202
                    0x0202                  _I2CTRN = 0x202
                    0x0204                  I2C1BRG = 0x204
                    0x0204                  _I2C1BRG = 0x204
                    0x0206                  I2C1CON = 0x206
                    0x0206                  _I2C1CON = 0x206
                    0x0206                  _I2C1CONbits = 0x206
                    0x0206                  I2CCON = 0x206
                    0x0206                  _I2CCON = 0x206
                    0x0206                  _I2CCONbits = 0x206
                    0x0208                  I2C1STAT = 0x208
                    0x0208                  _I2C1STAT = 0x208
                    0x0208                  _I2C1STATbits = 0x208
                    0x0208                  I2CSTAT = 0x208
                    0x0208                  _I2CSTAT = 0x208
                    0x0208                  _I2CSTATbits = 0x208
                    0x020a                  I2C1ADD = 0x20a
                    0x020a                  _I2C1ADD = 0x20a
                    0x020a                  I2CADD = 0x20a
                    0x020a                  _I2CADD = 0x20a
                    0x020c                  I2C1MSK = 0x20c
                    0x020c                  _I2C1MSK = 0x20c
                    0x0210                  I2C2RCV = 0x210
                    0x0210                  _I2C2RCV = 0x210
                    0x0212                  I2C2TRN = 0x212
                    0x0212                  _I2C2TRN = 0x212
                    0x0214                  I2C2BRG = 0x214
                    0x0214                  _I2C2BRG = 0x214
                    0x0216                  I2C2CON = 0x216
                    0x0216                  _I2C2CON = 0x216
                    0x0216                  _I2C2CONbits = 0x216
                    0x0218                  I2C2STAT = 0x218
                    0x0218                  _I2C2STAT = 0x218
                    0x0218                  _I2C2STATbits = 0x218
                    0x021a                  I2C2ADD = 0x21a
                    0x021a                  _I2C2ADD = 0x21a
                    0x021c                  I2C2MSK = 0x21c
                    0x021c                  _I2C2MSK = 0x21c
                    0x0220                  U1MODE = 0x220
                    0x0220                  _U1MODE = 0x220
                    0x0220                  _U1MODEbits = 0x220
                    0x0222                  U1STA = 0x222
                    0x0222                  _U1STA = 0x222
                    0x0222                  _U1STAbits = 0x222
                    0x0224                  U1TXREG = 0x224
                    0x0224                  _U1TXREG = 0x224
                    0x0224                  _U1TXREGbits = 0x224
                    0x0226                  U1RXREG = 0x226
                    0x0226                  _U1RXREG = 0x226
                    0x0226                  _U1RXREGbits = 0x226
                    0x0228                  U1BRG = 0x228
                    0x0228                  _U1BRG = 0x228
                    0x0230                  U2MODE = 0x230
                    0x0230                  _U2MODE = 0x230
                    0x0230                  _U2MODEbits = 0x230
                    0x0232                  U2STA = 0x232
                    0x0232                  _U2STA = 0x232
                    0x0232                  _U2STAbits = 0x232
                    0x0234                  U2TXREG = 0x234
                    0x0234                  _U2TXREG = 0x234
                    0x0234                  _U2TXREGbits = 0x234
                    0x0236                  U2RXREG = 0x236
                    0x0236                  _U2RXREG = 0x236
                    0x0236                  _U2RXREGbits = 0x236
                    0x0238                  U2BRG = 0x238
                    0x0238                  _U2BRG = 0x238
                    0x0240                  SPI1STAT = 0x240
                    0x0240                  _SPI1STAT = 0x240
                    0x0240                  _SPI1STATbits = 0x240
                    0x0242                  SPI1CON1 = 0x242
                    0x0242                  _SPI1CON1 = 0x242
                    0x0242                  _SPI1CON1bits = 0x242
                    0x0244                  SPI1CON2 = 0x244
                    0x0244                  _SPI1CON2 = 0x244
                    0x0244                  _SPI1CON2bits = 0x244
                    0x0248                  SPI1BUF = 0x248
                    0x0248                  _SPI1BUF = 0x248
                    0x0260                  SPI2STAT = 0x260
                    0x0260                  _SPI2STAT = 0x260
                    0x0260                  _SPI2STATbits = 0x260
                    0x0262                  SPI2CON1 = 0x262
                    0x0262                  _SPI2CON1 = 0x262
                    0x0262                  _SPI2CON1bits = 0x262
                    0x0264                  SPI2CON2 = 0x264
                    0x0264                  _SPI2CON2 = 0x264
                    0x0264                  _SPI2CON2bits = 0x264
                    0x0268                  SPI2BUF = 0x268
                    0x0268                  _SPI2BUF = 0x268
                    0x0280                  DCICON1 = 0x280
                    0x0280                  _DCICON1 = 0x280
                    0x0280                  _DCICON1bits = 0x280
                    0x0282                  DCICON2 = 0x282
                    0x0282                  _DCICON2 = 0x282
                    0x0282                  _DCICON2bits = 0x282
                    0x0284                  DCICON3 = 0x284
                    0x0284                  _DCICON3 = 0x284
                    0x0284                  _DCICON3bits = 0x284
                    0x0286                  DCISTAT = 0x286
                    0x0286                  _DCISTAT = 0x286
                    0x0286                  _DCISTATbits = 0x286
                    0x0288                  TSCON = 0x288
                    0x0288                  _TSCON = 0x288
                    0x0288                  _TSCONbits = 0x288
                    0x028c                  RSCON = 0x28c
                    0x028c                  _RSCON = 0x28c
                    0x028c                  _RSCONbits = 0x28c
                    0x0290                  RXBUF0 = 0x290
                    0x0290                  _RXBUF0 = 0x290
                    0x0292                  RXBUF1 = 0x292
                    0x0292                  _RXBUF1 = 0x292
                    0x0294                  RXBUF2 = 0x294
                    0x0294                  _RXBUF2 = 0x294
                    0x0296                  RXBUF3 = 0x296
                    0x0296                  _RXBUF3 = 0x296
                    0x0298                  TXBUF0 = 0x298
                    0x0298                  _TXBUF0 = 0x298
                    0x029a                  TXBUF1 = 0x29a
                    0x029a                  _TXBUF1 = 0x29a
                    0x029c                  TXBUF2 = 0x29c
                    0x029c                  _TXBUF2 = 0x29c
                    0x029e                  TXBUF3 = 0x29e
                    0x029e                  _TXBUF3 = 0x29e
                    0x02c0                  TRISA = 0x2c0
                    0x02c0                  _TRISA = 0x2c0
                    0x02c0                  _TRISAbits = 0x2c0
                    0x02c2                  PORTA = 0x2c2
                    0x02c2                  _PORTA = 0x2c2
                    0x02c2                  _PORTAbits = 0x2c2
                    0x02c4                  LATA = 0x2c4
                    0x02c4                  _LATA = 0x2c4
                    0x02c4                  _LATAbits = 0x2c4
                    0x02c6                  TRISB = 0x2c6
                    0x02c6                  _TRISB = 0x2c6
                    0x02c6                  _TRISBbits = 0x2c6
                    0x02c8                  PORTB = 0x2c8
                    0x02c8                  _PORTB = 0x2c8
                    0x02c8                  _PORTBbits = 0x2c8
                    0x02ca                  LATB = 0x2ca
                    0x02ca                  _LATB = 0x2ca
                    0x02ca                  _LATBbits = 0x2ca
                    0x02cc                  TRISC = 0x2cc
                    0x02cc                  _TRISC = 0x2cc
                    0x02cc                  _TRISCbits = 0x2cc
                    0x02ce                  PORTC = 0x2ce
                    0x02ce                  _PORTC = 0x2ce
                    0x02ce                  _PORTCbits = 0x2ce
                    0x02d0                  LATC = 0x2d0
                    0x02d0                  _LATC = 0x2d0
                    0x02d0                  _LATCbits = 0x2d0
                    0x02d2                  TRISD = 0x2d2
                    0x02d2                  _TRISD = 0x2d2
                    0x02d2                  _TRISDbits = 0x2d2
                    0x02d4                  PORTD = 0x2d4
                    0x02d4                  _PORTD = 0x2d4
                    0x02d4                  _PORTDbits = 0x2d4
                    0x02d6                  LATD = 0x2d6
                    0x02d6                  _LATD = 0x2d6
                    0x02d6                  _LATDbits = 0x2d6
                    0x02d8                  TRISE = 0x2d8
                    0x02d8                  _TRISE = 0x2d8
                    0x02d8                  _TRISEbits = 0x2d8
                    0x02da                  PORTE = 0x2da
                    0x02da                  _PORTE = 0x2da
                    0x02da                  _PORTEbits = 0x2da
                    0x02dc                  LATE = 0x2dc
                    0x02dc                  _LATE = 0x2dc
                    0x02dc                  _LATEbits = 0x2dc
                    0x02de                  TRISF = 0x2de
                    0x02de                  _TRISF = 0x2de
                    0x02de                  _TRISFbits = 0x2de
                    0x02e0                  PORTF = 0x2e0
                    0x02e0                  _PORTF = 0x2e0
                    0x02e0                  _PORTFbits = 0x2e0
                    0x02e2                  LATF = 0x2e2
                    0x02e2                  _LATF = 0x2e2
                    0x02e2                  _LATFbits = 0x2e2
                    0x02e4                  TRISG = 0x2e4
                    0x02e4                  _TRISG = 0x2e4
                    0x02e4                  _TRISGbits = 0x2e4
                    0x02e6                  PORTG = 0x2e6
                    0x02e6                  _PORTG = 0x2e6
                    0x02e6                  _PORTGbits = 0x2e6
                    0x02e8                  LATG = 0x2e8
                    0x02e8                  _LATG = 0x2e8
                    0x02e8                  _LATGbits = 0x2e8
                    0x0300                  ADC1BUF0 = 0x300
                    0x0300                  _ADC1BUF0 = 0x300
                    0x0300                  ADCBUF0 = 0x300
                    0x0300                  _ADCBUF0 = 0x300
                    0x0320                  AD1CON1 = 0x320
                    0x0320                  _AD1CON1 = 0x320
                    0x0320                  _AD1CON1bits = 0x320
                    0x0322                  AD1CON2 = 0x322
                    0x0322                  _AD1CON2 = 0x322
                    0x0322                  _AD1CON2bits = 0x322
                    0x0324                  AD1CON3 = 0x324
                    0x0324                  _AD1CON3 = 0x324
                    0x0324                  _AD1CON3bits = 0x324
                    0x0326                  AD1CHS123 = 0x326
                    0x0326                  _AD1CHS123 = 0x326
                    0x0326                  _AD1CHS123bits = 0x326
                    0x0328                  AD1CHS0 = 0x328
                    0x0328                  _AD1CHS0 = 0x328
                    0x0328                  _AD1CHS0bits = 0x328
                    0x032a                  AD1PCFGH = 0x32a
                    0x032a                  _AD1PCFGH = 0x32a
                    0x032a                  _AD1PCFGHbits = 0x32a
                    0x032c                  AD1PCFGL = 0x32c
                    0x032c                  _AD1PCFGL = 0x32c
                    0x032c                  _AD1PCFGLbits = 0x32c
                    0x032c                  ADPCFG = 0x32c
                    0x032c                  _ADPCFG = 0x32c
                    0x032c                  _ADPCFGbits = 0x32c
                    0x032e                  AD1CSSH = 0x32e
                    0x032e                  _AD1CSSH = 0x32e
                    0x032e                  _AD1CSSHbits = 0x32e
                    0x0330                  AD1CSSL = 0x330
                    0x0330                  _AD1CSSL = 0x330
                    0x0330                  _AD1CSSLbits = 0x330
                    0x0332                  AD1CON4 = 0x332
                    0x0332                  _AD1CON4 = 0x332
                    0x0332                  _AD1CON4bits = 0x332
                    0x0380                  DMA0CON = 0x380
                    0x0380                  _DMA0CON = 0x380
                    0x0380                  _DMA0CONbits = 0x380
                    0x0382                  DMA0REQ = 0x382
                    0x0382                  _DMA0REQ = 0x382
                    0x0382                  _DMA0REQbits = 0x382
                    0x0384                  DMA0STA = 0x384
                    0x0384                  _DMA0STA = 0x384
                    0x0386                  DMA0STB = 0x386
                    0x0386                  _DMA0STB = 0x386
                    0x0388                  DMA0PAD = 0x388
                    0x0388                  _DMA0PAD = 0x388
                    0x038a                  DMA0CNT = 0x38a
                    0x038a                  _DMA0CNT = 0x38a
                    0x038c                  DMA1CON = 0x38c
                    0x038c                  _DMA1CON = 0x38c
                    0x038c                  _DMA1CONbits = 0x38c
                    0x038e                  DMA1REQ = 0x38e
                    0x038e                  _DMA1REQ = 0x38e
                    0x038e                  _DMA1REQbits = 0x38e
                    0x0390                  DMA1STA = 0x390
                    0x0390                  _DMA1STA = 0x390
                    0x0392                  DMA1STB = 0x392
                    0x0392                  _DMA1STB = 0x392
                    0x0394                  DMA1PAD = 0x394
                    0x0394                  _DMA1PAD = 0x394
                    0x0396                  DMA1CNT = 0x396
                    0x0396                  _DMA1CNT = 0x396
                    0x0398                  DMA2CON = 0x398
                    0x0398                  _DMA2CON = 0x398
                    0x0398                  _DMA2CONbits = 0x398
                    0x039a                  DMA2REQ = 0x39a
                    0x039a                  _DMA2REQ = 0x39a
                    0x039a                  _DMA2REQbits = 0x39a
                    0x039c                  DMA2STA = 0x39c
                    0x039c                  _DMA2STA = 0x39c
                    0x039e                  DMA2STB = 0x39e
                    0x039e                  _DMA2STB = 0x39e
                    0x03a0                  DMA2PAD = 0x3a0
                    0x03a0                  _DMA2PAD = 0x3a0
                    0x03a2                  DMA2CNT = 0x3a2
                    0x03a2                  _DMA2CNT = 0x3a2
                    0x03a4                  DMA3CON = 0x3a4
                    0x03a4                  _DMA3CON = 0x3a4
                    0x03a4                  _DMA3CONbits = 0x3a4
                    0x03a6                  DMA3REQ = 0x3a6
                    0x03a6                  _DMA3REQ = 0x3a6
                    0x03a6                  _DMA3REQbits = 0x3a6
                    0x03a8                  DMA3STA = 0x3a8
                    0x03a8                  _DMA3STA = 0x3a8
                    0x03aa                  DMA3STB = 0x3aa
                    0x03aa                  _DMA3STB = 0x3aa
                    0x03ac                  DMA3PAD = 0x3ac
                    0x03ac                  _DMA3PAD = 0x3ac
                    0x03ae                  DMA3CNT = 0x3ae
                    0x03ae                  _DMA3CNT = 0x3ae
                    0x03b0                  DMA4CON = 0x3b0
                    0x03b0                  _DMA4CON = 0x3b0
                    0x03b0                  _DMA4CONbits = 0x3b0
                    0x03b2                  DMA4REQ = 0x3b2
                    0x03b2                  _DMA4REQ = 0x3b2
                    0x03b2                  _DMA4REQbits = 0x3b2
                    0x03b4                  DMA4STA = 0x3b4
                    0x03b4                  _DMA4STA = 0x3b4
                    0x03b6                  DMA4STB = 0x3b6
                    0x03b6                  _DMA4STB = 0x3b6
                    0x03b8                  DMA4PAD = 0x3b8
                    0x03b8                  _DMA4PAD = 0x3b8
                    0x03ba                  DMA4CNT = 0x3ba
                    0x03ba                  _DMA4CNT = 0x3ba
                    0x03bc                  DMA5CON = 0x3bc
                    0x03bc                  _DMA5CON = 0x3bc
                    0x03bc                  _DMA5CONbits = 0x3bc
                    0x03be                  DMA5REQ = 0x3be
                    0x03be                  _DMA5REQ = 0x3be
                    0x03be                  _DMA5REQbits = 0x3be
                    0x03c0                  DMA5STA = 0x3c0
                    0x03c0                  _DMA5STA = 0x3c0
                    0x03c2                  DMA5STB = 0x3c2
                    0x03c2                  _DMA5STB = 0x3c2
                    0x03c4                  DMA5PAD = 0x3c4
                    0x03c4                  _DMA5PAD = 0x3c4
                    0x03c6                  DMA5CNT = 0x3c6
                    0x03c6                  _DMA5CNT = 0x3c6
                    0x03c8                  DMA6CON = 0x3c8
                    0x03c8                  _DMA6CON = 0x3c8
                    0x03c8                  _DMA6CONbits = 0x3c8
                    0x03ca                  DMA6REQ = 0x3ca
                    0x03ca                  _DMA6REQ = 0x3ca
                    0x03ca                  _DMA6REQbits = 0x3ca
                    0x03cc                  DMA6STA = 0x3cc
                    0x03cc                  _DMA6STA = 0x3cc
                    0x03ce                  DMA6STB = 0x3ce
                    0x03ce                  _DMA6STB = 0x3ce
                    0x03d0                  DMA6PAD = 0x3d0
                    0x03d0                  _DMA6PAD = 0x3d0
                    0x03d2                  DMA6CNT = 0x3d2
                    0x03d2                  _DMA6CNT = 0x3d2
                    0x03d4                  DMA7CON = 0x3d4
                    0x03d4                  _DMA7CON = 0x3d4
                    0x03d4                  _DMA7CONbits = 0x3d4
                    0x03d6                  DMA7REQ = 0x3d6
                    0x03d6                  _DMA7REQ = 0x3d6
                    0x03d6                  _DMA7REQbits = 0x3d6
                    0x03d8                  DMA7STA = 0x3d8
                    0x03d8                  _DMA7STA = 0x3d8
                    0x03da                  DMA7STB = 0x3da
                    0x03da                  _DMA7STB = 0x3da
                    0x03dc                  DMA7PAD = 0x3dc
                    0x03dc                  _DMA7PAD = 0x3dc
                    0x03de                  DMA7CNT = 0x3de
                    0x03de                  _DMA7CNT = 0x3de
                    0x03e0                  DMACS0 = 0x3e0
                    0x03e0                  _DMACS0 = 0x3e0
                    0x03e0                  _DMACS0bits = 0x3e0
                    0x03e2                  DMACS1 = 0x3e2
                    0x03e2                  _DMACS1 = 0x3e2
                    0x03e2                  _DMACS1bits = 0x3e2
                    0x03e4                  DSADR = 0x3e4
                    0x03e4                  _DSADR = 0x3e4
                    0x06c0                  ODCA = 0x6c0
                    0x06c0                  _ODCA = 0x6c0
                    0x06c0                  _ODCAbits = 0x6c0
                    0x06d2                  ODCD = 0x6d2
                    0x06d2                  _ODCD = 0x6d2
                    0x06d2                  _ODCDbits = 0x6d2
                    0x06de                  ODCF = 0x6de
                    0x06de                  _ODCF = 0x6de
                    0x06de                  _ODCFbits = 0x6de
                    0x06e4                  ODCG = 0x6e4
                    0x06e4                  _ODCG = 0x6e4
                    0x06e4                  _ODCGbits = 0x6e4
                    0x0740                  RCON = 0x740
                    0x0740                  _RCON = 0x740
                    0x0740                  _RCONbits = 0x740
                    0x0742                  OSCCON = 0x742
                    0x0742                  _OSCCON = 0x742
                    0x0742                  _OSCCONbits = 0x742
                    0x0742                  OSCCONL = 0x742
                    0x0742                  _OSCCONL = 0x742
                    0x0743                  OSCCONH = 0x743
                    0x0743                  _OSCCONH = 0x743
                    0x0744                  CLKDIV = 0x744
                    0x0744                  _CLKDIV = 0x744
                    0x0744                  _CLKDIVbits = 0x744
                    0x0746                  PLLFBD = 0x746
                    0x0746                  _PLLFBD = 0x746
                    0x0746                  _PLLFBDbits = 0x746
                    0x0748                  OSCTUN = 0x748
                    0x0748                  _OSCTUN = 0x748
                    0x0748                  _OSCTUNbits = 0x748
                    0x0750                  BSRAM = 0x750
                    0x0750                  _BSRAM = 0x750
                    0x0750                  _BSRAMbits = 0x750
                    0x0752                  SSRAM = 0x752
                    0x0752                  _SSRAM = 0x752
                    0x0752                  _SSRAMbits = 0x752
                    0x0760                  NVMCON = 0x760
                    0x0760                  _NVMCON = 0x760
                    0x0760                  _NVMCONbits = 0x760
                    0x0766                  NVMKEY = 0x766
                    0x0766                  _NVMKEY = 0x766
                    0x0770                  PMD1 = 0x770
                    0x0770                  _PMD1 = 0x770
                    0x0770                  _PMD1bits = 0x770
                    0x0772                  PMD2 = 0x772
                    0x0772                  _PMD2 = 0x772
                    0x0772                  _PMD2bits = 0x772
                    0x0774                  PMD3 = 0x774
                    0x0774                  _PMD3 = 0x774
                    0x0774                  _PMD3bits = 0x774
                    0x0022                  ACCA = 0x22
                    0x0022                  _ACCA = 0x22
                    0x0028                  ACCB = 0x28
                    0x0028                  _ACCB = 0x28
                    0x0140                  IC1 = 0x140
                    0x0140                  _IC1 = 0x140
                    0x0144                  IC2 = 0x144
                    0x0144                  _IC2 = 0x144
                    0x0148                  IC3 = 0x148
                    0x0148                  _IC3 = 0x148
                    0x014c                  IC4 = 0x14c
                    0x014c                  _IC4 = 0x14c
                    0x0150                  IC5 = 0x150
                    0x0150                  _IC5 = 0x150
                    0x0154                  IC6 = 0x154
                    0x0154                  _IC6 = 0x154
                    0x0158                  IC7 = 0x158
                    0x0158                  _IC7 = 0x158
                    0x015c                  IC8 = 0x15c
                    0x015c                  _IC8 = 0x15c
                    0x0180                  OC1 = 0x180
                    0x0180                  _OC1 = 0x180
                    0x0186                  OC2 = 0x186
                    0x0186                  _OC2 = 0x186
                    0x018c                  OC3 = 0x18c
                    0x018c                  _OC3 = 0x18c
                    0x0192                  OC4 = 0x192
                    0x0192                  _OC4 = 0x192
                    0x0198                  OC5 = 0x198
                    0x0198                  _OC5 = 0x198
                    0x019e                  OC6 = 0x19e
                    0x019e                  _OC6 = 0x19e
                    0x01a4                  OC7 = 0x1a4
                    0x01a4                  _OC7 = 0x1a4
                    0x01aa                  OC8 = 0x1aa
                    0x01aa                  _OC8 = 0x1aa
                    0x0240                  SPI1 = 0x240
                    0x0240                  _SPI1 = 0x240
                    0x0260                  SPI2 = 0x260
                    0x0260                  _SPI2 = 0x260
                    0x0220                  UART1 = 0x220
                    0x0220                  _UART1 = 0x220
                    0x0230                  UART2 = 0x230
                    0x0230                  _UART2 = 0x230
START GROUP
LOAD c:/program files/microchip/xc-dsc/v3.21/bin/bin/../../lib\libc99-pic30-elf.a
LOAD c:/program files/microchip/xc-dsc/v3.21/bin/bin/../../lib\libm-elf.a
LOAD c:/program files/microchip/xc-dsc/v3.21/bin/bin/../../lib\libc99-elf.a
END GROUP
OUTPUT(dist/default/production/GPS.production.elf elf32-pic30)
LOAD /CW/_FGS
LOAD /CW/_FSS
LOAD /CW/_FBS
LOAD jump_table
LOAD default_isr
LOAD heap
LOAD data_init

__c30_signature
                    0x0000        0x144
 __c30_signature
                    0x0000          0x6 build/default/production/main.o
 __c30_signature
                    0x0006          0x6 build/default/production/system.o
 __c30_signature
                    0x000c          0x6 build/default/production/configuration_bits.o
 __c30_signature
                    0x0012          0x6 build/default/production/system_methods.o
 __c30_signature
                    0x0018          0x6 build/default/production/perephereal_methods.o
 __c30_signature
                    0x001e          0x6 build/default/production/software_uart.o
 __c30_signature
                    0x0024          0x6 build/default/production/timer.o
 __c30_signature
                    0x002a          0x6 build/default/production/timer_methods.o
 __c30_signature
                    0x0030          0x6 c:/program files/microchip/xc-dsc/v3.21/bin/bin/../../lib\libc99-pic30-elf.a(delay32.XXMeo)
 __c30_signature
                    0x0036          0x6 c:/program files/microchip/xc-dsc/v3.21/bin/bin/../../lib\libc99-pic30-elf.a(crt0_standard.o)
 __c30_signature
                    0x003c          0x6 c:/program files/microchip/xc-dsc/v3.21/bin/bin/../../lib\libc99-pic30-elf.a(data_init_standard.o)
 __c30_signature
                    0x0042          0x6 c:/program files/microchip/xc-dsc/v3.21/bin/bin/../../lib\libc99-pic30-elf.a(feqltle.XX_o)
 __c30_signature
                    0x0048          0x6 c:/program files/microchip/xc-dsc/v3.21/bin/bin/../../lib\libc99-pic30-elf.a(fgtge.XX_o)
 __c30_signature
                    0x004e          0x6 c:/program files/microchip/xc-dsc/v3.21/bin/bin/../../lib\libc99-pic30-elf.a(floatundisf.XX_o)
 __c30_signature
                    0x0054          0x6 c:/program files/microchip/xc-dsc/v3.21/bin/bin/../../lib\libc99-pic30-elf.a(floatunsisf.XX_o)
 __c30_signature
                    0x005a          0x6 c:/program files/microchip/xc-dsc/v3.21/bin/bin/../../lib\libc99-pic30-elf.a(fpack.XX_o)
 __c30_signature
                    0x0060          0x6 c:/program files/microchip/xc-dsc/v3.21/bin/bin/../../lib\libc99-pic30-elf.a(errno.XX_o)
 __c30_signature
                    0x0066          0x6 c:/program files/microchip/xc-dsc/v3.21/bin/bin/../../lib\libc99-pic30-elf.a(fcompare.XX_o)
 __c30_signature
                    0x006c          0x6 c:/program files/microchip/xc-dsc/v3.21/bin/bin/../../lib\libc99-pic30-elf.a(funpack2.XX_o)
 __c30_signature
                    0x0072          0x6 c:/program files/microchip/xc-dsc/v3.21/bin/bin/../../lib\libc99-pic30-elf.a(funpack.XX_o)
 __c30_signature
                    0x0078          0x6 c:/program files/microchip/xc-dsc/v3.21/bin/bin/../../lib\libc99-pic30-elf.a(divmoddi3.XX_o)
 __c30_signature
                    0x007e          0x6 c:/program files/microchip/xc-dsc/v3.21/bin/bin/../../lib\libc99-elf.a(lite_calloc.XX_o)
 __c30_signature
                    0x0084          0x6 c:/program files/microchip/xc-dsc/v3.21/bin/bin/../../lib\libc99-elf.a(lite_free.XX_o)
 __c30_signature
                    0x008a          0x6 c:/program files/microchip/xc-dsc/v3.21/bin/bin/../../lib\libc99-elf.a(lite_malloc.XX_o)
 __c30_signature
                    0x0090          0x6 c:/program files/microchip/xc-dsc/v3.21/bin/bin/../../lib\libc99-elf.a(memset.XX_o)
 __c30_signature
                    0x0096          0x6 c:/program files/microchip/xc-dsc/v3.21/bin/bin/../../lib\libc99-elf.a(strncpy.XX_o)
 __c30_signature
                    0x009c          0x6 c:/program files/microchip/xc-dsc/v3.21/bin/bin/../../lib\libc99-elf.a(expand_heap.XX_o)
 __c30_signature
                    0x00a2          0x6 c:/program files/microchip/xc-dsc/v3.21/bin/bin/../../lib\libc99-elf.a(stpncpy.XX_o)
 __c30_signature
                    0x00a8          0x6 c:/program files/microchip/xc-dsc/v3.21/bin/bin/../../lib\libc99-elf.a(__sio_printf_0.XX_o)
 __c30_signature
                    0x00ae          0x6 c:/program files/microchip/xc-dsc/v3.21/bin/bin/../../lib\libc99-elf.a(__fmt_s.XX_o)